Release 14.7 - xst P.20160913 (lin64)
Copyright (c) 1995-2013 Xilinx, Inc.  All rights reserved.
--> 
Parameter TMPDIR set to xst/projnav.tmp


Total REAL time to Xst completion: 0.00 secs
Total CPU time to Xst completion: 0.02 secs
 
--> 
Parameter xsthdpdir set to xst


Total REAL time to Xst completion: 0.00 secs
Total CPU time to Xst completion: 0.02 secs
 
--> 
Reading design: DigitalClock.prj

TABLE OF CONTENTS
  1) Synthesis Options Summary
  2) HDL Parsing
  3) HDL Elaboration
  4) HDL Synthesis
       4.1) HDL Synthesis Report
  5) Advanced HDL Synthesis
       5.1) Advanced HDL Synthesis Report
  6) Low Level Synthesis
  7) Partition Report
  8) Design Summary
       8.1) Primitive and Black Box Usage
       8.2) Device utilization summary
       8.3) Partition Resource Summary
       8.4) Timing Report
            8.4.1) Clock Information
            8.4.2) Asynchronous Control Signals Information
            8.4.3) Timing Summary
            8.4.4) Timing Details
            8.4.5) Cross Clock Domains Report


=========================================================================
*                      Synthesis Options Summary                        *
=========================================================================
---- Source Parameters
Input File Name                    : "DigitalClock.prj"
Ignore Synthesis Constraint File   : NO

---- Target Parameters
Output File Name                   : "DigitalClock"
Output Format                      : NGC
Target Device                      : xc6slx9-3-tqg144

---- Source Options
Top Module Name                    : DigitalClock
Automatic FSM Extraction           : YES
FSM Encoding Algorithm             : Auto
Safe Implementation                : No
FSM Style                          : LUT
RAM Extraction                     : Yes
RAM Style                          : Auto
ROM Extraction                     : Yes
Shift Register Extraction          : YES
ROM Style                          : Auto
Resource Sharing                   : YES
Asynchronous To Synchronous        : NO
Shift Register Minimum Size        : 2
Use DSP Block                      : Auto
Automatic Register Balancing       : No

---- Target Options
LUT Combining                      : Auto
Reduce Control Sets                : Auto
Add IO Buffers                     : YES
Global Maximum Fanout              : 100000
Add Generic Clock Buffer(BUFG)     : 16
Register Duplication               : YES
Optimize Instantiated Primitives   : NO
Use Clock Enable                   : Auto
Use Synchronous Set                : Auto
Use Synchronous Reset              : Auto
Pack IO Registers into IOBs        : Auto
Equivalent register Removal        : YES

---- General Options
Optimization Goal                  : Speed
Optimization Effort                : 1
Power Reduction                    : NO
Keep Hierarchy                     : No
Netlist Hierarchy                  : As_Optimized
RTL Output                         : Yes
Global Optimization                : AllClockNets
Read Cores                         : YES
Write Timing Constraints           : NO
Cross Clock Analysis               : NO
Hierarchy Separator                : /
Bus Delimiter                      : <>
Case Specifier                     : Maintain
Slice Utilization Ratio            : 100
BRAM Utilization Ratio             : 100
DSP48 Utilization Ratio            : 100
Auto BRAM Packing                  : NO
Slice Utilization Ratio Delta      : 5

=========================================================================


=========================================================================
*                          HDL Parsing                                  *
=========================================================================
Analyzing Verilog file "/home/ise/XIlinxShare/Digital-Clock/DigitalClock/DigitalClock.v" into library work
Parsing module <DigitalClock>.

=========================================================================
*                            HDL Elaboration                            *
=========================================================================

Elaborating module <DigitalClock>.
WARNING:HDLCompiler:872 - "/home/ise/XIlinxShare/Digital-Clock/DigitalClock/DigitalClock.v" Line 49: Using initial value of displayMode since it is never assigned
WARNING:HDLCompiler:413 - "/home/ise/XIlinxShare/Digital-Clock/DigitalClock/DigitalClock.v" Line 98: Result of 5-bit expression is truncated to fit in 4-bit target.
WARNING:HDLCompiler:413 - "/home/ise/XIlinxShare/Digital-Clock/DigitalClock/DigitalClock.v" Line 100: Result of 5-bit expression is truncated to fit in 4-bit target.
WARNING:HDLCompiler:413 - "/home/ise/XIlinxShare/Digital-Clock/DigitalClock/DigitalClock.v" Line 102: Result of 5-bit expression is truncated to fit in 4-bit target.
WARNING:HDLCompiler:413 - "/home/ise/XIlinxShare/Digital-Clock/DigitalClock/DigitalClock.v" Line 104: Result of 5-bit expression is truncated to fit in 4-bit target.
WARNING:HDLCompiler:413 - "/home/ise/XIlinxShare/Digital-Clock/DigitalClock/DigitalClock.v" Line 106: Result of 7-bit expression is truncated to fit in 6-bit target.
ERROR:HDLCompiler:1401 - "/home/ise/XIlinxShare/Digital-Clock/DigitalClock/DigitalClock.v" Line 112: Signal IO_SSEG[7] in unit DigitalClock is connected to following multiple drivers:
Driver 0: output signal IO_SSEG[7] of instance Flip-flop (IO_SSEG).
Driver 1: output signal IO_SSEG[7] of instance Flip-flop (_i000149).
Driver 0: output signal IO_SSEG[6] of instance Flip-flop (IO_SSEG).
Driver 1: output signal IO_SSEG[6] of instance Flip-flop (_i000149).
Driver 0: output signal IO_SSEG[5] of instance Flip-flop (IO_SSEG).
Driver 1: output signal IO_SSEG[5] of instance Flip-flop (_i000149).
Driver 0: output signal IO_SSEG[4] of instance Flip-flop (IO_SSEG).
Driver 1: output signal IO_SSEG[4] of instance Flip-flop (_i000149).
Driver 0: output signal IO_SSEG[3] of instance Flip-flop (IO_SSEG).
Driver 1: output signal IO_SSEG[3] of instance Flip-flop (_i000149).
Driver 0: output signal IO_SSEG[2] of instance Flip-flop (IO_SSEG).
Driver 1: output signal IO_SSEG[2] of instance Flip-flop (_i000149).
Driver 0: output signal IO_SSEG[1] of instance Flip-flop (IO_SSEG).
Driver 1: output signal IO_SSEG[1] of instance Flip-flop (_i000149).
Driver 0: output signal IO_SSEG[0] of instance Flip-flop (IO_SSEG).
Driver 1: output signal IO_SSEG[0] of instance Flip-flop (_i000149).
Driver 0: output signal IO_SSEGD[3] of instance Flip-flop (IO_SSEGD).
Driver 1: output signal IO_SSEGD[3] of instance Flip-flop (_i000147).
Driver 0: output signal IO_SSEGD[2] of instance Flip-flop (IO_SSEGD).
Driver 1: output signal IO_SSEGD[2] of instance Flip-flop (_i000147).
Driver 0: output signal IO_SSEGD[1] of instance Flip-flop (IO_SSEGD).
Driver 1: output signal IO_SSEGD[1] of instance Flip-flop (_i000147).
Driver 0: output signal IO_SSEGD[0] of instance Flip-flop (IO_SSEGD).
Driver 1: output signal IO_SSEGD[0] of instance Flip-flop (_i000147).
ERROR:HDLCompiler:1401 - "/home/ise/XIlinxShare/Digital-Clock/DigitalClock/DigitalClock.v" Line 81: Signal hourUpper[3] in unit DigitalClock is connected to following multiple drivers:
Driver 0: output signal hourUpper[3] of instance Flip-flop (hourUpper).
Driver 1: output signal hourUpper[3] of instance Flip-flop (_i000108).
Driver 0: output signal hourUpper[2] of instance Flip-flop (hourUpper).
Driver 1: output signal hourUpper[2] of instance Flip-flop (_i000108).
Driver 0: output signal hourUpper[1] of instance Flip-flop (hourUpper).
Driver 1: output signal hourUpper[1] of instance Flip-flop (_i000108).
Driver 0: output signal hourUpper[0] of instance Flip-flop (hourUpper).
Driver 1: output signal hourUpper[0] of instance Flip-flop (_i000108).
Driver 0: output signal hourLower[3] of instance Flip-flop (hourLower).
Driver 1: output signal hourLower[3] of instance Flip-flop (_i000110).
Driver 0: output signal hourLower[2] of instance Flip-flop (hourLower).
Driver 1: output signal hourLower[2] of instance Flip-flop (_i000110).
Driver 0: output signal hourLower[1] of instance Flip-flop (hourLower).
Driver 1: output signal hourLower[1] of instance Flip-flop (_i000110).
Driver 0: output signal hourLower[0] of instance Flip-flop (hourLower).
Driver 1: output signal hourLower[0] of instance Flip-flop (_i000110).
Driver 0: output signal minuteUpper[3] of instance Flip-flop (minuteUpper).
Driver 1: output signal minuteUpper[3] of instance Flip-flop (_i000112).
Driver 0: output signal minuteUpper[2] of instance Flip-flop (minuteUpper).
Driver 1: output signal minuteUpper[2] of instance Flip-flop (_i000112).
Driver 0: output signal minuteUpper[1] of instance Flip-flop (minuteUpper).
Driver 1: output signal minuteUpper[1] of instance Flip-flop (_i000112).
Driver 0: output signal minuteUpper[0] of instance Flip-flop (minuteUpper).
Driver 1: output signal minuteUpper[0] of instance Flip-flop (_i000112).
Driver 0: output signal minuteLower[3] of instance Flip-flop (minuteLower).
Driver 1: output signal minuteLower[3] of instance Flip-flop (_i000114).
Driver 0: output signal minuteLower[2] of instance Flip-flop (minuteLower).
Driver 1: output signal minuteLower[2] of instance Flip-flop (_i000114).
Driver 0: output signal minuteLower[1] of instance Flip-flop (minuteLower).
Driver 1: output signal minuteLower[1] of instance Flip-flop (_i000114).
Driver 0: output signal minuteLower[0] of instance Flip-flop (minuteLower).
Driver 1: output signal minuteLower[0] of instance Flip-flop (_i000114).
Driver 0: output signal secondCounter[5] of instance Flip-flop (secondCounter).
Driver 1: output signal secondCounter[5] of instance Flip-flop (_i000116).
Driver 0: output signal secondCounter[4] of instance Flip-flop (secondCounter).
Driver 1: output signal secondCounter[4] of instance Flip-flop (_i000116).
Driver 0: output signal secondCounter[3] of instance Flip-flop (secondCounter).
Driver 1: output signal secondCounter[3] of instance Flip-flop (_i000116).
Driver 0: output signal secondCounter[2] of instance Flip-flop (secondCounter).
Driver 1: output signal secondCounter[2] of instance Flip-flop (_i000116).
Driver 0: output signal secondCounter[1] of instance Flip-flop (secondCounter).
Driver 1: output signal secondCounter[1] of instance Flip-flop (_i000116).
Driver 0: output signal secondCounter[0] of instance Flip-flop (secondCounter).
Driver 1: output signal secondCounter[0] of instance Flip-flop (_i000116).
Module DigitalClock remains a blackbox, due to errors in its contents
WARNING:HDLCompiler:1499 - "/home/ise/XIlinxShare/Digital-Clock/DigitalClock/DigitalClock.v" Line 21: Empty module <DigitalClock> remains a black box.
--> 


Total memory usage is 406624 kilobytes

Number of errors   :    2 (   0 filtered)
Number of warnings :    7 (   0 filtered)
Number of infos    :    0 (   0 filtered)

